// Jest Snapshot v1, https://goo.gl/fbAQLP

exports[`renders correctly 1`] = `
<div
  className="game-app"
>
  <div
    className="game-controls"
  >
    <div
      className="control-group"
    >
      <button
        id="resetButton"
        onClick={[Function]}
      >
        Reset
      </button>
      <button
        id="nextButton"
        onClick={[Function]}
      >
        Next
      </button>
      <button
        id="playButton"
        onClick={[Function]}
      >
        Play
      </button>
    </div>
    <div
      className="control-group"
    >
      <label>
        Speed:
        <input
          id="slider"
          max="10"
          min="1"
          onChange={[Function]}
          type="range"
          value={5}
        />
      </label>
    </div>
  </div>
  <table
    className="game-grid"
  >
    <tbody>
      <tr>
        <td
          className="cell"
          id="cell_0_0"
          onMouseDown={[Function]}
        />
        <td
          className="cell"
          id="cell_0_1"
          onMouseDown={[Function]}
        />
        <td
          className="cell"
          id="cell_0_2"
          onMouseDown={[Function]}
        />
        <td
          className="cell"
          id="cell_0_3"
          onMouseDown={[Function]}
        />
        <td
          className="cell"
          id="cell_0_4"
          onMouseDown={[Function]}
        />
      </tr>
      <tr>
        <td
          className="cell"
          id="cell_1_0"
          onMouseDown={[Function]}
        />
        <td
          className="cell"
          id="cell_1_1"
          onMouseDown={[Function]}
        />
        <td
          className="cell -is-active"
          id="cell_1_2"
          onMouseDown={[Function]}
        />
        <td
          className="cell"
          id="cell_1_3"
          onMouseDown={[Function]}
        />
        <td
          className="cell"
          id="cell_1_4"
          onMouseDown={[Function]}
        />
      </tr>
      <tr>
        <td
          className="cell"
          id="cell_2_0"
          onMouseDown={[Function]}
        />
        <td
          className="cell -is-active"
          id="cell_2_1"
          onMouseDown={[Function]}
        />
        <td
          className="cell"
          id="cell_2_2"
          onMouseDown={[Function]}
        />
        <td
          className="cell"
          id="cell_2_3"
          onMouseDown={[Function]}
        />
        <td
          className="cell"
          id="cell_2_4"
          onMouseDown={[Function]}
        />
      </tr>
      <tr>
        <td
          className="cell"
          id="cell_3_0"
          onMouseDown={[Function]}
        />
        <td
          className="cell"
          id="cell_3_1"
          onMouseDown={[Function]}
        />
        <td
          className="cell -is-active"
          id="cell_3_2"
          onMouseDown={[Function]}
        />
        <td
          className="cell -is-active"
          id="cell_3_3"
          onMouseDown={[Function]}
        />
        <td
          className="cell"
          id="cell_3_4"
          onMouseDown={[Function]}
        />
      </tr>
      <tr>
        <td
          className="cell"
          id="cell_4_0"
          onMouseDown={[Function]}
        />
        <td
          className="cell"
          id="cell_4_1"
          onMouseDown={[Function]}
        />
        <td
          className="cell"
          id="cell_4_2"
          onMouseDown={[Function]}
        />
        <td
          className="cell"
          id="cell_4_3"
          onMouseDown={[Function]}
        />
        <td
          className="cell"
          id="cell_4_4"
          onMouseDown={[Function]}
        />
      </tr>
    </tbody>
  </table>
</div>
`;
